[2026-02-07T09:15:57.578928+00:00] name.WARNING: Foo [] []
[2026-02-07T09:15:57.579407+00:00] name.ERROR: Bar [] []
[2026-02-07T09:23:09.405285+00:00] name.WARNING: Foo [] []
[2026-02-07T09:23:09.405720+00:00] name.ERROR: Bar [] []
[2026-02-07T09:26:19.797557+00:00] name.WARNING: Foo [] []
[2026-02-07T09:26:19.798056+00:00] name.ERROR: Bar [] []
[2026-02-07T09:26:19.798088+00:00] name.INFO: 0 [] []
[2026-02-07T09:26:19.798101+00:00] name.INFO: 1 [] []
[2026-02-07T09:26:19.798109+00:00] name.INFO: 2 [] []
[2026-02-07T09:26:19.798115+00:00] name.INFO: 3 [] []
[2026-02-07T09:26:19.798121+00:00] name.INFO: 4 [] []
[2026-02-07T09:26:19.798126+00:00] name.INFO: 5 [] []
[2026-02-07T09:26:19.798132+00:00] name.INFO: 6 [] []
[2026-02-07T09:26:19.798137+00:00] name.INFO: 7 [] []
[2026-02-07T09:26:19.798143+00:00] name.INFO: 8 [] []
[2026-02-07T09:26:19.798149+00:00] name.INFO: 9 [] []
[2026-02-07T09:26:19.798155+00:00] name.INFO: 10 [] []
[2026-02-07T09:26:21.553579+00:00] name.WARNING: Foo [] []
[2026-02-07T09:26:21.554091+00:00] name.ERROR: Bar [] []
[2026-02-07T09:26:21.554123+00:00] name.INFO: 0 [] []
[2026-02-07T09:26:21.554136+00:00] name.INFO: 1 [] []
[2026-02-07T09:26:21.554144+00:00] name.INFO: 2 [] []
[2026-02-07T09:26:21.554150+00:00] name.INFO: 3 [] []
[2026-02-07T09:26:21.554156+00:00] name.INFO: 4 [] []
[2026-02-07T09:26:21.554162+00:00] name.INFO: 5 [] []
[2026-02-07T09:26:21.554168+00:00] name.INFO: 6 [] []
[2026-02-07T09:26:21.554173+00:00] name.INFO: 7 [] []
[2026-02-07T09:26:21.554179+00:00] name.INFO: 8 [] []
[2026-02-07T09:26:21.554185+00:00] name.INFO: 9 [] []
[2026-02-07T09:26:21.554191+00:00] name.INFO: 10 [] []
[2026-02-07T09:27:24.837820+00:00] name.WARNING: Foo [] []
[2026-02-07T09:27:24.838383+00:00] name.ERROR: Bar [] []
[2026-02-07T09:27:24.838416+00:00] name.WARNING: 0 [] []
[2026-02-07T09:27:24.838428+00:00] name.WARNING: 1 [] []
[2026-02-07T09:27:24.838436+00:00] name.WARNING: 2 [] []
[2026-02-07T09:27:24.838443+00:00] name.WARNING: 3 [] []
[2026-02-07T09:27:24.838449+00:00] name.WARNING: 4 [] []
[2026-02-07T09:27:24.838455+00:00] name.WARNING: 5 [] []
[2026-02-07T09:27:24.838461+00:00] name.WARNING: 6 [] []
[2026-02-07T09:27:24.838467+00:00] name.WARNING: 7 [] []
[2026-02-07T09:27:24.838473+00:00] name.WARNING: 8 [] []
[2026-02-07T09:27:24.838479+00:00] name.WARNING: 9 [] []
[2026-02-07T09:27:24.838485+00:00] name.WARNING: 10 [] []
[2026-02-07T09:27:25.874792+00:00] name.WARNING: Foo [] []
[2026-02-07T09:27:25.875313+00:00] name.ERROR: Bar [] []
[2026-02-07T09:27:25.875347+00:00] name.WARNING: 0 [] []
[2026-02-07T09:27:25.875360+00:00] name.WARNING: 1 [] []
[2026-02-07T09:27:25.875368+00:00] name.WARNING: 2 [] []
[2026-02-07T09:27:25.875374+00:00] name.WARNING: 3 [] []
[2026-02-07T09:27:25.875379+00:00] name.WARNING: 4 [] []
[2026-02-07T09:27:25.875385+00:00] name.WARNING: 5 [] []
[2026-02-07T09:27:25.875391+00:00] name.WARNING: 6 [] []
[2026-02-07T09:27:25.875397+00:00] name.WARNING: 7 [] []
[2026-02-07T09:27:25.875402+00:00] name.WARNING: 8 [] []
[2026-02-07T09:27:25.875408+00:00] name.WARNING: 9 [] []
[2026-02-07T09:27:25.875414+00:00] name.WARNING: 10 [] []
[2026-02-07T09:27:26.203915+00:00] name.WARNING: Foo [] []
[2026-02-07T09:27:26.204337+00:00] name.ERROR: Bar [] []
[2026-02-07T09:27:26.204370+00:00] name.WARNING: 0 [] []
[2026-02-07T09:27:26.204383+00:00] name.WARNING: 1 [] []
[2026-02-07T09:27:26.204390+00:00] name.WARNING: 2 [] []
[2026-02-07T09:27:26.204397+00:00] name.WARNING: 3 [] []
[2026-02-07T09:27:26.204402+00:00] name.WARNING: 4 [] []
[2026-02-07T09:27:26.204408+00:00] name.WARNING: 5 [] []
[2026-02-07T09:27:26.204413+00:00] name.WARNING: 6 [] []
[2026-02-07T09:27:26.204419+00:00] name.WARNING: 7 [] []
[2026-02-07T09:27:26.204425+00:00] name.WARNING: 8 [] []
[2026-02-07T09:27:26.204431+00:00] name.WARNING: 9 [] []
[2026-02-07T09:27:26.204436+00:00] name.WARNING: 10 [] []
[2026-02-07T09:27:26.354328+00:00] name.WARNING: Foo [] []
[2026-02-07T09:27:26.354796+00:00] name.ERROR: Bar [] []
[2026-02-07T09:27:26.354892+00:00] name.WARNING: 0 [] []
[2026-02-07T09:27:26.354916+00:00] name.WARNING: 1 [] []
[2026-02-07T09:27:26.354942+00:00] name.WARNING: 2 [] []
[2026-02-07T09:27:26.354948+00:00] name.WARNING: 3 [] []
[2026-02-07T09:27:26.354954+00:00] name.WARNING: 4 [] []
[2026-02-07T09:27:26.354959+00:00] name.WARNING: 5 [] []
[2026-02-07T09:27:26.354965+00:00] name.WARNING: 6 [] []
[2026-02-07T09:27:26.354970+00:00] name.WARNING: 7 [] []
[2026-02-07T09:27:26.354975+00:00] name.WARNING: 8 [] []
[2026-02-07T09:27:26.354980+00:00] name.WARNING: 9 [] []
[2026-02-07T09:27:26.354986+00:00] name.WARNING: 10 [] []
[2026-02-07T09:30:05.293613+00:00] name.WARNING: Foo [] []
[2026-02-07T09:30:05.294185+00:00] name.ERROR: Bar [] []
[2026-02-07T09:30:05.294218+00:00] name.WARNING: 0 [] []
[2026-02-07T09:30:05.294286+00:00] name.WARNING: 1 [] []
[2026-02-07T09:30:05.294299+00:00] name.WARNING: 2 [] []
[2026-02-07T09:30:05.294306+00:00] name.WARNING: 3 [] []
[2026-02-07T09:30:05.294313+00:00] name.WARNING: 4 [] []
[2026-02-07T09:30:05.294318+00:00] name.WARNING: 5 [] []
[2026-02-07T09:30:05.294324+00:00] name.WARNING: 6 [] []
[2026-02-07T09:30:05.294330+00:00] name.WARNING: 7 [] []
[2026-02-07T09:30:05.294336+00:00] name.WARNING: 8 [] []
[2026-02-07T09:30:05.294342+00:00] name.WARNING: 9 [] []
[2026-02-07T09:30:05.294348+00:00] name.WARNING: 10 [] []
[2026-02-07T09:30:05.294356+00:00] name.WARNING: USER WITH IP CONNECTED  {"ip":"172.19.0.1"} []
